mode: atomic
github.com/kyriosdata/runner/internal/cli/exit.go:22.68,24.2 1 3
github.com/kyriosdata/runner/internal/cli/exit.go:27.36,29.2 1 2
github.com/kyriosdata/runner/internal/invoker/local.go:20.41,21.22 1 2
github.com/kyriosdata/runner/internal/invoker/local.go:21.22,23.3 1 1
github.com/kyriosdata/runner/internal/invoker/local.go:24.2,24.15 1 1
github.com/kyriosdata/runner/internal/invoker/local.go:27.61,39.16 8 0
github.com/kyriosdata/runner/internal/invoker/local.go:39.16,40.47 1 0
github.com/kyriosdata/runner/internal/invoker/local.go:40.47,42.4 1 0
github.com/kyriosdata/runner/internal/invoker/local.go:42.9,44.4 1 0
github.com/kyriosdata/runner/internal/invoker/local.go:47.2,51.8 1 0
github.com/kyriosdata/runner/internal/invoker/local.go:55.65,63.2 1 0
github.com/kyriosdata/runner/internal/invoker/local.go:66.73,72.2 1 0
github.com/kyriosdata/runner/internal/invoker/output.go:23.58,25.16 2 3
github.com/kyriosdata/runner/internal/invoker/output.go:25.16,27.3 1 1
github.com/kyriosdata/runner/internal/invoker/output.go:28.2,34.45 2 2
github.com/kyriosdata/runner/internal/invoker/output.go:34.45,36.3 1 1
github.com/kyriosdata/runner/internal/invoker/output.go:37.2,37.17 1 1
github.com/kyriosdata/runner/internal/invoker/output.go:41.66,43.16 2 3
github.com/kyriosdata/runner/internal/invoker/output.go:43.16,45.3 1 0
github.com/kyriosdata/runner/internal/invoker/output.go:46.2,47.9 2 3
github.com/kyriosdata/runner/internal/invoker/output.go:47.9,49.3 1 1
github.com/kyriosdata/runner/internal/invoker/output.go:50.2,53.8 1 2
github.com/kyriosdata/runner/internal/invoker/output.go:57.39,65.2 7 1
github.com/kyriosdata/runner/internal/invoker/output.go:68.47,69.13 1 2
github.com/kyriosdata/runner/internal/invoker/output.go:69.13,71.3 1 1
github.com/kyriosdata/runner/internal/invoker/output.go:72.2,72.61 1 1
github.com/kyriosdata/runner/internal/invoker/output.go:76.41,78.15 2 1
github.com/kyriosdata/runner/internal/invoker/output.go:78.15,80.3 1 0
github.com/kyriosdata/runner/internal/invoker/output.go:81.2,81.86 1 1
github.com/kyriosdata/runner/internal/invoker/output.go:84.57,86.65 2 6
github.com/kyriosdata/runner/internal/invoker/output.go:86.65,88.17 2 11
github.com/kyriosdata/runner/internal/invoker/output.go:88.17,89.12 1 0
github.com/kyriosdata/runner/internal/invoker/output.go:91.3,92.14 2 11
github.com/kyriosdata/runner/internal/invoker/output.go:92.14,94.4 1 1
github.com/kyriosdata/runner/internal/invoker/output.go:95.3,95.31 1 10
github.com/kyriosdata/runner/internal/invoker/output.go:97.2,97.15 1 5
github.com/kyriosdata/runner/internal/invoker/output.go:100.41,101.19 1 3
github.com/kyriosdata/runner/internal/invoker/output.go:101.19,103.3 1 2
github.com/kyriosdata/runner/internal/invoker/output.go:104.2,104.24 1 1
github.com/kyriosdata/runner/apps/assinatura/jar.go:17.53,18.23 1 0
github.com/kyriosdata/runner/apps/assinatura/jar.go:18.23,19.49 1 0
github.com/kyriosdata/runner/apps/assinatura/jar.go:19.49,21.4 1 0
github.com/kyriosdata/runner/apps/assinatura/jar.go:22.3,22.77 1 0
github.com/kyriosdata/runner/apps/assinatura/jar.go:25.2,26.31 2 0
github.com/kyriosdata/runner/apps/assinatura/jar.go:26.31,27.39 1 0
github.com/kyriosdata/runner/apps/assinatura/jar.go:27.39,29.4 1 0
github.com/kyriosdata/runner/apps/assinatura/jar.go:31.2,32.102 1 0
github.com/kyriosdata/runner/apps/assinatura/jar.go:36.31,38.16 2 0
github.com/kyriosdata/runner/apps/assinatura/jar.go:38.16,40.3 1 0
github.com/kyriosdata/runner/apps/assinatura/jar.go:41.2,41.58 1 0
github.com/kyriosdata/runner/apps/assinatura/jar.go:46.69,48.16 2 0
github.com/kyriosdata/runner/apps/assinatura/jar.go:48.16,50.3 1 0
github.com/kyriosdata/runner/apps/assinatura/jar.go:51.2,51.73 1 0
github.com/kyriosdata/runner/apps/assinatura/main.go:29.47,31.3 1 0
github.com/kyriosdata/runner/apps/assinatura/main.go:34.13,38.2 2 1
github.com/kyriosdata/runner/apps/assinatura/main.go:40.13,42.16 2 0
github.com/kyriosdata/runner/apps/assinatura/main.go:42.16,44.3 1 0
github.com/kyriosdata/runner/apps/assinatura/main.go:45.2,46.30 2 0
github.com/kyriosdata/runner/apps/assinatura/main.go:46.30,49.3 2 0
github.com/kyriosdata/runner/apps/assinatura/main.go:50.2,51.12 2 0
github.com/kyriosdata/runner/apps/assinatura/sign.go:39.13,55.2 13 1
github.com/kyriosdata/runner/apps/assinatura/sign.go:57.55,58.68 1 1
github.com/kyriosdata/runner/apps/assinatura/sign.go:58.68,60.3 1 1
github.com/kyriosdata/runner/apps/assinatura/sign.go:62.2,63.16 2 0
github.com/kyriosdata/runner/apps/assinatura/sign.go:63.16,65.3 1 0
github.com/kyriosdata/runner/apps/assinatura/sign.go:67.2,68.16 2 0
github.com/kyriosdata/runner/apps/assinatura/sign.go:68.16,70.3 1 0
github.com/kyriosdata/runner/apps/assinatura/sign.go:72.2,81.16 3 0
github.com/kyriosdata/runner/apps/assinatura/sign.go:81.16,83.3 1 0
github.com/kyriosdata/runner/apps/assinatura/sign.go:85.2,85.26 1 0
github.com/kyriosdata/runner/apps/assinatura/sign.go:85.26,87.3 1 0
github.com/kyriosdata/runner/apps/assinatura/sign.go:89.2,90.16 2 0
github.com/kyriosdata/runner/apps/assinatura/sign.go:90.16,92.3 1 0
github.com/kyriosdata/runner/apps/assinatura/sign.go:94.2,95.12 2 0
github.com/kyriosdata/runner/apps/assinatura/validate.go:31.13,43.2 9 1
github.com/kyriosdata/runner/apps/assinatura/validate.go:45.59,47.16 2 0
github.com/kyriosdata/runner/apps/assinatura/validate.go:47.16,49.3 1 0
github.com/kyriosdata/runner/apps/assinatura/validate.go:51.2,52.16 2 0
github.com/kyriosdata/runner/apps/assinatura/validate.go:52.16,54.3 1 0
github.com/kyriosdata/runner/apps/assinatura/validate.go:56.2,63.16 3 0
github.com/kyriosdata/runner/apps/assinatura/validate.go:63.16,65.3 1 0
github.com/kyriosdata/runner/apps/assinatura/validate.go:67.2,67.26 1 0
github.com/kyriosdata/runner/apps/assinatura/validate.go:67.26,69.3 1 0
github.com/kyriosdata/runner/apps/assinatura/validate.go:71.2,72.16 2 0
github.com/kyriosdata/runner/apps/assinatura/validate.go:72.16,74.3 1 0
github.com/kyriosdata/runner/apps/assinatura/validate.go:76.2,77.12 2 0
github.com/kyriosdata/runner/internal/jdk/detector.go:15.29,17.20 2 1
github.com/kyriosdata/runner/internal/jdk/detector.go:17.20,19.3 1 1
github.com/kyriosdata/runner/internal/jdk/detector.go:20.2,21.29 2 0
github.com/kyriosdata/runner/internal/jdk/detector.go:21.29,23.3 1 0
github.com/kyriosdata/runner/internal/jdk/detector.go:24.2,24.11 1 0
github.com/kyriosdata/runner/internal/jdk/detector.go:28.30,30.16 2 0
github.com/kyriosdata/runner/internal/jdk/detector.go:30.16,32.3 1 0
github.com/kyriosdata/runner/internal/jdk/detector.go:33.2,33.24 1 0
github.com/kyriosdata/runner/internal/jdk/detector.go:33.24,35.3 1 0
github.com/kyriosdata/runner/internal/jdk/detector.go:36.2,36.11 1 0
github.com/kyriosdata/runner/internal/jdk/detector.go:40.31,42.16 2 1
github.com/kyriosdata/runner/internal/jdk/detector.go:42.16,44.3 1 0
github.com/kyriosdata/runner/internal/jdk/detector.go:45.2,46.16 2 1
github.com/kyriosdata/runner/internal/jdk/detector.go:46.16,48.3 1 1
github.com/kyriosdata/runner/internal/jdk/detector.go:49.2,49.28 1 0
github.com/kyriosdata/runner/internal/jdk/detector.go:49.28,50.17 1 0
github.com/kyriosdata/runner/internal/jdk/detector.go:50.17,51.12 1 0
github.com/kyriosdata/runner/internal/jdk/detector.go:53.3,54.30 2 0
github.com/kyriosdata/runner/internal/jdk/detector.go:54.30,56.4 1 0
github.com/kyriosdata/runner/internal/jdk/detector.go:58.2,58.11 1 0
github.com/kyriosdata/runner/internal/jdk/detector.go:62.41,63.20 1 0
github.com/kyriosdata/runner/internal/jdk/detector.go:63.20,65.3 1 0
github.com/kyriosdata/runner/internal/jdk/detector.go:66.2,66.45 1 0
github.com/kyriosdata/runner/internal/jdk/detector.go:66.45,68.3 1 0
github.com/kyriosdata/runner/internal/jdk/detector.go:69.2,70.16 2 0
github.com/kyriosdata/runner/internal/jdk/detector.go:70.16,72.3 1 0
github.com/kyriosdata/runner/internal/jdk/detector.go:73.2,73.49 1 0
github.com/kyriosdata/runner/internal/jdk/detector.go:77.36,79.14 2 5
github.com/kyriosdata/runner/internal/jdk/detector.go:79.14,81.3 1 1
github.com/kyriosdata/runner/internal/jdk/detector.go:82.2,83.16 2 4
github.com/kyriosdata/runner/internal/jdk/detector.go:83.16,85.3 1 0
github.com/kyriosdata/runner/internal/jdk/detector.go:86.2,86.14 1 4
github.com/kyriosdata/runner/internal/jdk/detector.go:90.43,92.17 2 1
github.com/kyriosdata/runner/internal/jdk/detector.go:92.17,94.3 1 0
github.com/kyriosdata/runner/internal/jdk/detector.go:95.2,95.36 1 1
github.com/kyriosdata/runner/internal/jdk/jdk.go:21.32,22.35 1 0
github.com/kyriosdata/runner/internal/jdk/jdk.go:22.35,24.3 1 0
github.com/kyriosdata/runner/internal/jdk/jdk.go:25.2,25.36 1 0
github.com/kyriosdata/runner/internal/jdk/jdk.go:25.36,27.3 1 0
github.com/kyriosdata/runner/internal/jdk/jdk.go:28.2,28.37 1 0
github.com/kyriosdata/runner/internal/jdk/jdk.go:28.37,30.3 1 0
github.com/kyriosdata/runner/internal/jdk/jdk.go:31.2,31.20 1 0
github.com/kyriosdata/runner/internal/jdk/jdk.go:35.33,37.16 2 2
github.com/kyriosdata/runner/internal/jdk/jdk.go:37.16,39.3 1 0
github.com/kyriosdata/runner/internal/jdk/jdk.go:40.2,40.53 1 2
github.com/kyriosdata/runner/internal/jdk/provisioner.go:21.34,23.16 2 0
github.com/kyriosdata/runner/internal/jdk/provisioner.go:23.16,25.3 1 0
github.com/kyriosdata/runner/internal/jdk/provisioner.go:26.2,26.53 1 0
github.com/kyriosdata/runner/internal/jdk/provisioner.go:26.53,28.3 1 0
github.com/kyriosdata/runner/internal/jdk/provisioner.go:30.2,36.16 5 0
github.com/kyriosdata/runner/internal/jdk/provisioner.go:36.16,38.3 1 0
github.com/kyriosdata/runner/internal/jdk/provisioner.go:39.2,42.53 3 0
github.com/kyriosdata/runner/internal/jdk/provisioner.go:42.53,44.3 1 0
github.com/kyriosdata/runner/internal/jdk/provisioner.go:46.2,47.16 2 0
github.com/kyriosdata/runner/internal/jdk/provisioner.go:47.16,49.3 1 0
github.com/kyriosdata/runner/internal/jdk/provisioner.go:51.2,52.18 2 0
github.com/kyriosdata/runner/internal/jdk/provisioner.go:56.48,58.16 2 0
github.com/kyriosdata/runner/internal/jdk/provisioner.go:58.16,60.3 1 0
github.com/kyriosdata/runner/internal/jdk/provisioner.go:61.2,63.38 2 0
github.com/kyriosdata/runner/internal/jdk/provisioner.go:63.38,65.3 1 0
github.com/kyriosdata/runner/internal/jdk/provisioner.go:67.2,68.16 2 0
github.com/kyriosdata/runner/internal/jdk/provisioner.go:68.16,70.3 1 0
github.com/kyriosdata/runner/internal/jdk/provisioner.go:71.2,73.51 2 0
github.com/kyriosdata/runner/internal/jdk/provisioner.go:73.51,76.3 2 0
github.com/kyriosdata/runner/internal/jdk/provisioner.go:77.2,77.24 1 0
github.com/kyriosdata/runner/internal/jdk/provisioner.go:81.49,82.17 1 0
github.com/kyriosdata/runner/internal/jdk/provisioner.go:82.17,84.3 1 0
github.com/kyriosdata/runner/internal/jdk/provisioner.go:85.2,85.43 1 0
github.com/kyriosdata/runner/internal/jdk/provisioner.go:88.43,90.16 2 0
github.com/kyriosdata/runner/internal/jdk/provisioner.go:90.16,92.3 1 0
github.com/kyriosdata/runner/internal/jdk/provisioner.go:93.2,96.16 3 0
github.com/kyriosdata/runner/internal/jdk/provisioner.go:96.16,98.3 1 0
github.com/kyriosdata/runner/internal/jdk/provisioner.go:99.2,102.6 3 0
github.com/kyriosdata/runner/internal/jdk/provisioner.go:102.6,104.20 2 0
github.com/kyriosdata/runner/internal/jdk/provisioner.go:104.20,105.9 1 0
github.com/kyriosdata/runner/internal/jdk/provisioner.go:107.3,107.17 1 0
github.com/kyriosdata/runner/internal/jdk/provisioner.go:107.17,109.4 1 0
github.com/kyriosdata/runner/internal/jdk/provisioner.go:110.3,111.23 2 0
github.com/kyriosdata/runner/internal/jdk/provisioner.go:112.20,113.53 1 0
github.com/kyriosdata/runner/internal/jdk/provisioner.go:113.53,115.5 1 0
github.com/kyriosdata/runner/internal/jdk/provisioner.go:116.20,117.71 1 0
github.com/kyriosdata/runner/internal/jdk/provisioner.go:117.71,119.5 1 0
github.com/kyriosdata/runner/internal/jdk/provisioner.go:120.24,121.40 1 0
github.com/kyriosdata/runner/internal/jdk/provisioner.go:124.2,124.12 1 0
github.com/kyriosdata/runner/internal/jdk/provisioner.go:127.41,129.16 2 0
github.com/kyriosdata/runner/internal/jdk/provisioner.go:129.16,131.3 1 0
github.com/kyriosdata/runner/internal/jdk/provisioner.go:132.2,134.27 2 0
github.com/kyriosdata/runner/internal/jdk/provisioner.go:134.27,136.27 2 0
github.com/kyriosdata/runner/internal/jdk/provisioner.go:136.27,137.53 1 0
github.com/kyriosdata/runner/internal/jdk/provisioner.go:137.53,139.5 1 0
github.com/kyriosdata/runner/internal/jdk/provisioner.go:140.4,140.12 1 0
github.com/kyriosdata/runner/internal/jdk/provisioner.go:142.3,143.17 2 0
github.com/kyriosdata/runner/internal/jdk/provisioner.go:143.17,145.4 1 0
github.com/kyriosdata/runner/internal/jdk/provisioner.go:146.3,146.57 1 0
github.com/kyriosdata/runner/internal/jdk/provisioner.go:146.57,149.4 2 0
github.com/kyriosdata/runner/internal/jdk/provisioner.go:150.3,150.13 1 0
github.com/kyriosdata/runner/internal/jdk/provisioner.go:152.2,152.12 1 0
github.com/kyriosdata/runner/internal/jdk/provisioner.go:155.66,156.63 1 0
github.com/kyriosdata/runner/internal/jdk/provisioner.go:156.63,158.3 1 0
github.com/kyriosdata/runner/internal/jdk/provisioner.go:159.2,160.16 2 0
github.com/kyriosdata/runner/internal/jdk/provisioner.go:160.16,162.3 1 0
github.com/kyriosdata/runner/internal/jdk/provisioner.go:163.2,165.12 3 0
github.com/kyriosdata/runner/internal/jdk/provisioner.go:169.44,170.22 1 1
github.com/kyriosdata/runner/internal/jdk/provisioner.go:171.17,172.18 1 0
github.com/kyriosdata/runner/internal/jdk/provisioner.go:173.16,174.14 1 0
github.com/kyriosdata/runner/internal/jdk/provisioner.go:175.10,176.16 1 1
github.com/kyriosdata/runner/internal/jdk/provisioner.go:178.2,178.24 1 1
github.com/kyriosdata/runner/internal/jdk/provisioner.go:179.15,180.19 1 0
github.com/kyriosdata/runner/internal/jdk/provisioner.go:181.10,182.15 1 1
github.com/kyriosdata/runner/internal/jdk/provisioner.go:184.2,184.8 1 1
github.com/kyriosdata/runner/internal/jdk/provisioner.go:187.23,189.2 1 1
